// Jest Snapshot v1, https://goo.gl/fbAQLP

exports[`Index page matches snapshot 1`] = `
<DocumentFragment>
  <div
    class="min-h-screen"
  >
    <div
      class="border-b bg-accent-1 border-accent-2"
    >
      <div
        class="container mx-auto px-5"
      >
        <div
          class="py-2 text-center text-sm"
        >
          The source code for this blog is 
          <a
            class="underline hover:text-success duration-200 transition-colors"
            href="https://github.com/vercel/next.js/tree/canary/examples/blog-starter-typescript"
          >
            available on GitHub
          </a>
          .
        </div>
      </div>
    </div>
    <main>
      <div
        class="container mx-auto px-5"
      >
        <section
          class="flex-col md:flex-row flex items-center md:justify-between mt-16 mb-16 md:mb-12"
        >
          <h1
            class="text-6xl md:text-8xl font-bold tracking-tighter leading-tight md:pr-8"
          >
            Blog.
          </h1>
          <h4
            class="text-center md:text-left text-lg mt-5 md:pl-8"
          >
            A statically generated blog example using 
            <a
              class="underline hover:text-success duration-200 transition-colors"
              href="https://nextjs.org/"
            >
              Next.js
            </a>
             and Markdown.
          </h4>
        </section>
      </div>
    </main>
  </div>
  <footer
    class="bg-accent-1 border-t border-accent-2"
  >
    <div
      class="container mx-auto px-5"
    >
      <div
        class="py-28 flex flex-col lg:flex-row items-center"
      >
        <h3
          class="text-4xl lg:text-5xl font-bold tracking-tighter leading-tight text-center lg:text-left mb-10 lg:mb-0 lg:pr-4 lg:w-1/2"
        >
          Statically Generated with Next.js.
        </h3>
        <div
          class="flex flex-col lg:flex-row justify-center items-center lg:pl-4 lg:w-1/2"
        >
          <a
            class="mx-3 bg-black hover:bg-white hover:text-black border border-black text-white font-bold py-3 px-12 lg:px-8 duration-200 transition-colors mb-6 lg:mb-0"
            href="https://nextjs.org/docs/basic-features/pages"
          >
            Read Documentation
          </a>
          <a
            class="mx-3 font-bold hover:underline"
            href="https://github.com/vercel/next.js/tree/canary/examples/blog-starter-typescript"
          >
            View on GitHub
          </a>
        </div>
      </div>
    </div>
  </footer>
</DocumentFragment>
`;
