// Jest Snapshot v1, https://goo.gl/fbAQLP

exports[`article/carrousel component matches snapshot 1`] = `
<DocumentFragment>
  <div
    class="carrousel"
  >
    <div
      class="swiper index"
      style="transition: opacity 300ms ease-in-out; opacity: 0;"
    >
      <div
        class="swiper-wrapper"
      />
    </div>
    <div
      class="swiper-pagination swiper-pagination-clickable swiper-pagination-bullets"
    />
  </div>
</DocumentFragment>
`;
