// Jest Snapshot v1, https://goo.gl/fbAQLP

exports[`article/list component matches snapshot 1`] = `
<DocumentFragment>
  <div>
    <div
      class="article-list-header"
    >
      <div
        class="list-header"
      >
        <div
          class="logo-box"
        >
          <p
            class="logo"
          >
            logo
          </p>
        </div>
      </div>
    </div>
  </div>
</DocumentFragment>
`;
